2026-07-29 07:27:26.733 | INFO     | app.middleware:dispatch:22 - [67fa7b85-5872-48f0-a0c7-12c6be5f8721] GET / -> 404 0.000s
2026-07-29 07:27:30.514 | INFO     | app.middleware:dispatch:22 - [81b51ff8-719c-4cd9-8985-6fb79164e9a8] GET /docs -> 200 0.001s
2026-07-29 07:27:30.740 | INFO     | app.middleware:dispatch:22 - [ddaf759e-24c6-4798-9e25-f79943cb1539] GET /openapi.json -> 200 0.060s
2026-07-29 07:27:37.525 | INFO     | app.middleware:dispatch:22 - [222f2435-18a9-467b-8b00-52004c1f37d8] GET /rooms/3 -> 200 0.047s
2026-07-29 07:27:53.268 | INFO     | app.middleware:dispatch:22 - [00bc72a2-2c38-4038-91d4-9a682391a3ae] GET /rooms/ -> 200 0.045s
2026-07-29 07:28:09.022 | INFO     | app.middleware:dispatch:22 - [501696a2-ec39-4277-a85d-535b894d4fda] GET /bookings/get/3 -> 404 0.031s
2026-07-29 07:28:19.768 | INFO     | app.middleware:dispatch:22 - [27df6e39-2fe0-4b8c-9e71-da890c7b851a] GET /bookings/get/2 -> 404 0.016s
2026-07-29 07:28:23.882 | INFO     | app.middleware:dispatch:22 - [d83a7987-fa26-4de2-bc63-787ab175e5d8] GET /bookings/get/7 -> 200 0.030s
2026-07-29 07:30:29.987 | INFO     | app.middleware:dispatch:22 - [ea32d9ad-84f6-465d-9a4f-ce8c707d3b9b] GET / -> 404 0.000s
2026-07-29 07:30:32.169 | INFO     | app.middleware:dispatch:22 - [5c065684-929c-4c61-9d2c-ec0b74abe9d6] GET /docs -> 200 0.001s
2026-07-29 07:30:32.339 | INFO     | app.middleware:dispatch:22 - [ab83a656-d5b3-4135-9d01-f77ad83ab7b9] GET /openapi.json -> 200 0.054s
2026-07-29 07:30:38.505 | INFO     | app.middleware:dispatch:22 - [92be3d45-4d5e-41b9-8bc3-ac29784d267c] GET /rooms/4 -> 200 0.039s
2026-07-29 07:30:59.356 | INFO     | app.middleware:dispatch:22 - [45f4027e-0c1c-404b-a5fc-1a914c7ff2f7] GET /bookings/get/8 -> 200 0.016s
2026-07-29 07:33:16.165 | INFO     | app.middleware:dispatch:22 - [8454b511-c243-4bb1-a77a-7e16b103e076] GET / -> 404 0.000s
2026-07-29 07:33:17.714 | INFO     | app.middleware:dispatch:22 - [26f86a20-2eb8-4eaa-9937-05231a089ef9] GET /docs -> 200 0.000s
2026-07-29 07:33:17.886 | INFO     | app.middleware:dispatch:22 - [d3f41434-9a2d-4c43-8b6b-51d636fabe5f] GET /openapi.json -> 200 0.062s
2026-07-29 07:33:23.935 | INFO     | app.middleware:dispatch:22 - [58d77a5a-0aca-4ff8-a903-a3fa1e4fbb60] GET /rooms/5 -> 200 0.037s
2026-07-29 07:33:32.120 | INFO     | app.middleware:dispatch:22 - [7757c5df-d90e-4d69-b661-0ca7568645a6] GET /bookings/get/9 -> 200 0.018s
2026-07-29 07:33:41.889 | INFO     | app.middleware:dispatch:22 - [33030a89-7316-461d-afe9-3b59abfe405a] GET /admin/users -> 401 0.002s
2026-07-29 07:33:59.982 | INFO     | app.middleware:dispatch:22 - [fa9018d8-ec34-48f2-81fe-5af9dbf383cf] GET /health -> 200 0.013s
2026-07-29 08:03:15.663 | INFO     | app.middleware:dispatch:22 - [f2a8d693-3468-45e1-bad3-338dee255924] GET / -> 404 0.001s
2026-07-29 08:03:17.960 | INFO     | app.middleware:dispatch:22 - [9d5d4902-9299-462f-94db-2b33be9903e9] GET /docs -> 200 0.000s
2026-07-29 08:03:18.110 | INFO     | app.middleware:dispatch:22 - [9d9e5243-cfed-47d9-ab5d-79890082f31f] GET /openapi.json -> 200 0.054s
2026-07-29 08:05:14.482 | INFO     | app.middleware:dispatch:22 - [bde9bcac-14b7-4728-93b6-e9443ade6c3e] GET /rooms/ -> 200 0.052s
2026-07-29 17:15:25.833 | INFO     | app.middleware:dispatch:22 - [cb024e35-ee8f-4da6-b125-c671786381ef] GET /admin/users -> 401 0.026s
2026-07-29 17:15:50.332 | INFO     | app.middleware:dispatch:22 - [6adf1c3e-9971-4e7e-805e-c609fd71d8b6] GET /admin/users -> 401 0.001s
2026-07-29 17:15:57.999 | INFO     | app.middleware:dispatch:22 - [e01deac2-08bd-450c-9fa7-3a10593546d9] POST /auth/login -> 422 0.040s
2026-07-29 17:28:21.920 | INFO     | app.middleware:dispatch:22 - [9c256d71-5c05-429e-bfee-9452d22c7b60] GET /admin/rooms -> 401 0.004s
2026-07-29 19:05:09.682 | INFO     | app.middleware:dispatch:22 - [f5f89535-5fde-439b-8802-955c64bd33ca] GET /docs -> 200 0.026s
2026-07-29 19:05:09.956 | INFO     | app.middleware:dispatch:22 - [5bf9f0c2-2ca2-44f0-a742-1ec7888f66c8] GET /openapi.json -> 200 0.023s
2026-07-29 19:05:14.707 | INFO     | app.middleware:dispatch:22 - [5dd2f768-b8dd-4724-8253-91a581fdaf5d] POST /auth/login -> 422 0.071s
2026-07-29 19:07:28.289 | INFO     | app.middleware:dispatch:22 - [1c06f7d3-e368-4de0-9cd7-8d4505f2fdbb] POST /auth/register -> 200 1.821s
2026-07-29 19:13:44.760 | INFO     | app.middleware:dispatch:22 - [94d794e5-b2af-414e-a3a5-906a034cbb73] POST /auth/register -> 200 1.063s
2026-07-29 19:14:31.949 | INFO     | app.middleware:dispatch:22 - [9f344e69-9be1-4855-b4e1-c39838f4c8f2] POST /auth/login -> 200 1.260s
2026-07-29 19:44:21.675 | INFO     | app.middleware:dispatch:22 - [0e1aa29b-e347-446d-9643-66dd4d0fda74] POST /auth/login -> 422 0.006s
2026-07-29 20:24:20.499 | INFO     | app.middleware:dispatch:22 - [11a67f32-0b00-4bd2-ad28-54aba0ace477] GET / -> 404 0.006s
2026-07-29 20:24:28.948 | INFO     | app.middleware:dispatch:22 - [a418c53e-57e7-4bf4-aed3-331bcfbd9155] GET /docs -> 200 0.004s
2026-07-29 20:24:29.265 | INFO     | app.middleware:dispatch:22 - [342db9ce-9fbf-46e8-951b-36e6a61914e5] GET /openapi.json -> 200 0.010s
2026-07-30 04:20:28.208 | INFO     | app.middleware:dispatch:22 - [5f25e4b6-6b49-4db1-94a8-32ab103b3d80] GET /docs -> 200 0.008s
2026-07-30 04:20:28.401 | INFO     | app.middleware:dispatch:22 - [cbbcfc86-91bd-43be-9153-75cb1b24abe9] GET /openapi.json -> 200 0.005s
2026-07-30 04:20:35.042 | INFO     | app.middleware:dispatch:22 - [7e1b3dd3-b0db-497a-809f-b78a36ee0f30] GET / -> 404 0.003s
2026-07-30 04:25:34.546 | INFO     | app.middleware:dispatch:22 - [c1cee99b-7662-4fd3-859d-d0ce9b19a14a] GET / -> 200 0.006s
2026-07-30 04:25:44.074 | INFO     | app.middleware:dispatch:22 - [c7115d53-1989-4f75-b6e7-931b834ab536] GET /docs -> 200 0.001s
2026-07-30 04:25:44.357 | INFO     | app.middleware:dispatch:22 - [5038ccee-fe57-4aa3-a660-6651e60fc33d] GET /openapi.json -> 200 0.108s
2026-07-30 04:25:56.695 | INFO     | app.middleware:dispatch:22 - [502217a7-7a62-4ba5-a05b-b33157db83f5] GET / -> 200 0.001s
2026-07-30 05:45:57.742 | INFO     | app.middleware:dispatch:22 - [579b5bf0-48aa-43b0-b707-d5d79733c3fd] GET / -> 200 0.001s
2026-07-30 05:46:13.991 | INFO     | app.middleware:dispatch:22 - [690c4e8d-ab92-4d30-b379-31a462bb82bb] GET /docs -> 200 0.001s
2026-07-30 05:46:14.228 | INFO     | app.middleware:dispatch:22 - [1fc7401a-9698-4dc4-bce5-a3ae3b00e792] GET /openapi.json -> 200 0.104s
2026-07-30 05:47:34.044 | INFO     | app.middleware:dispatch:22 - [329e3c60-b9ae-44b0-a3d1-be17ebcf12ef] GET /bookings/get/7 -> 200 0.017s
2026-07-30 05:50:01.011 | INFO     | app.middleware:dispatch:22 - [8bd1192f-8749-4599-b6e5-321063632ae7] POST /auth/login -> 422 0.008s
2026-07-30 05:50:40.698 | INFO     | app.middleware:dispatch:22 - [2e5649ad-e44c-4ec8-a420-870c54e0226d] GET / -> 200 0.001s
